Information: Propagating switching activity (low effort zero delay simulation). (PWR-6)
Warning: Design has unannotated primary inputs. (PWR-414)
Warning: Design has unannotated sequential cell outputs. (PWR-415)
 
****************************************
Report : power
        -analysis_effort low
Design : s1238
Version: L-2016.03-SP5-1
Date   : Sat Mar  9 15:11:29 2019
****************************************


Library(s) Used:

    saed32rvt_ss0p95v25c (File: /mnt/class_data/ecec574-w2019/PDKs/SAED32nm/lib/stdcell_rvt/db_ccs/saed32rvt_ss0p95v25c.db)

Information: The cells in your design are not characterized for internal power. (PWR-229)

Operating Conditions: ss0p95v25c   Library: saed32rvt_ss0p95v25c
Wire Load Model Mode: enclosed

Design        Wire Load Model            Library
------------------------------------------------
s1238                  8000              saed32rvt_ss0p95v25c
dff_17                 ForQA             saed32rvt_ss0p95v25c
dff_0                  ForQA             saed32rvt_ss0p95v25c
dff_9                  ForQA             saed32rvt_ss0p95v25c
dff_10                 ForQA             saed32rvt_ss0p95v25c
dff_11                 ForQA             saed32rvt_ss0p95v25c
dff_12                 ForQA             saed32rvt_ss0p95v25c
dff_13                 ForQA             saed32rvt_ss0p95v25c
dff_14                 ForQA             saed32rvt_ss0p95v25c
dff_15                 ForQA             saed32rvt_ss0p95v25c
dff_16                 ForQA             saed32rvt_ss0p95v25c
dff_1                  ForQA             saed32rvt_ss0p95v25c
dff_2                  ForQA             saed32rvt_ss0p95v25c
dff_3                  ForQA             saed32rvt_ss0p95v25c
dff_4                  ForQA             saed32rvt_ss0p95v25c
dff_5                  ForQA             saed32rvt_ss0p95v25c
dff_6                  ForQA             saed32rvt_ss0p95v25c
dff_7                  ForQA             saed32rvt_ss0p95v25c
dff_8                  ForQA             saed32rvt_ss0p95v25c


Global Operating Voltage = 0.95 
Power-specific unit information :
    Voltage Units = 1V
    Capacitance Units = 1.000000ff
    Time Units = 1ns
    Dynamic Power Units = 1uW    (derived from V,C,T units)
    Leakage Power Units = 1pW


  Cell Internal Power  =   0.0000 uW    (0%)
  Net Switching Power  =   4.6455 uW  (100%)
                         ---------
Total Dynamic Power    =   4.6455 uW  (100%)

Cell Leakage Power     =  25.6672 uW


                 Internal         Switching           Leakage            Total
Power Group      Power            Power               Power              Power   (   %    )  Attrs
--------------------------------------------------------------------------------------------------
io_pad             0.0000            0.0000            0.0000            0.0000  (   0.00%)
memory             0.0000            0.0000            0.0000            0.0000  (   0.00%)
black_box          0.0000            0.0000            0.0000            0.0000  (   0.00%)
clock_network      0.0000            0.0000            0.0000            0.0000  (   0.00%)
register           0.0000            0.3352        2.5348e+06            2.8701  (   9.47%)
sequential         0.0000            0.0000            0.0000            0.0000  (   0.00%)
combinational      0.0000            4.3103        2.3132e+07           27.4427  (  90.53%)
--------------------------------------------------------------------------------------------------
Total              0.0000 uW         4.6455 uW     2.5667e+07 pW        30.3127 uW
1
