 
****************************************
Report : timing
        -path full
        -delay min
        -max_paths 20
Design : s15850
Version: L-2016.03-SP5-1
Date   : Tue Mar  5 17:34:17 2019
****************************************

 * Some/all delay information is back-annotated.

Operating Conditions: ss0p95v25c   Library: saed32rvt_ss0p95v25c
	Parasitic source    : LPE
	Parasitic mode      : RealRVirtualC
	Extraction mode     : MIN_MAX
	Extraction derating : 125/125/125

Information: Percent of Arnoldi-based delays =  8.56%

Information: Percent of CCS-based delays =  7.82%

  Startpoint: DFF_156/q_reg
              (rising edge-triggered flip-flop clocked by ideal_clock1)
  Endpoint: DFF_304/q_reg
            (rising edge-triggered flip-flop clocked by ideal_clock1)
  Path Group: ideal_clock1
  Path Type: min

  Point                                    Incr       Path
  -----------------------------------------------------------
  clock ideal_clock1 (rise edge)           0.00       0.00
  clock network delay (propagated)         0.10       0.10
  DFF_156/q_reg/CLK (DFFX1_RVT)            0.00       0.10 r
  DFF_156/q_reg/Q (DFFX1_RVT)              0.16       0.26 f
  DFF_156/q (dff_378)                      0.00       0.26 f
  DFF_304/d (dff_230)                      0.00       0.26 f
  DFF_304/q_reg/D (DFFX1_RVT)              0.00 *     0.26 f
  data arrival time                                   0.26

  clock ideal_clock1 (rise edge)           0.00       0.00
  clock network delay (propagated)         0.08       0.08
  clock uncertainty                        0.05       0.13
  DFF_304/q_reg/CLK (DFFX1_RVT)            0.00       0.13 r
  library hold time                        0.01       0.14
  data required time                                  0.14
  -----------------------------------------------------------
  data required time                                  0.14
  data arrival time                                  -0.26
  -----------------------------------------------------------
  slack (MET)                                         0.12


  Startpoint: DFF_246/q_reg
              (rising edge-triggered flip-flop clocked by ideal_clock1)
  Endpoint: DFF_183/q_reg
            (rising edge-triggered flip-flop clocked by ideal_clock1)
  Path Group: ideal_clock1
  Path Type: min

  Point                                    Incr       Path
  -----------------------------------------------------------
  clock ideal_clock1 (rise edge)           0.00       0.00
  clock network delay (propagated)         0.07       0.07
  DFF_246/q_reg/CLK (DFFX1_RVT)            0.00       0.07 r
  DFF_246/q_reg/Q (DFFX1_RVT)              0.18       0.25 f
  DFF_246/q (dff_288)                      0.00       0.25 f
  DFF_183/d (dff_351)                      0.00       0.25 f
  DFF_183/q_reg/D (DFFX1_RVT)              0.00 *     0.25 f
  data arrival time                                   0.25

  clock ideal_clock1 (rise edge)           0.00       0.00
  clock network delay (propagated)         0.10       0.10
  clock uncertainty                        0.05       0.15
  DFF_183/q_reg/CLK (DFFX1_RVT)            0.00       0.15 r
  library hold time                       -0.01       0.13
  data required time                                  0.13
  -----------------------------------------------------------
  data required time                                  0.13
  data arrival time                                  -0.25
  -----------------------------------------------------------
  slack (MET)                                         0.12


  Startpoint: DFF_193/q_reg
              (rising edge-triggered flip-flop clocked by ideal_clock1)
  Endpoint: DFF_467/q_reg
            (rising edge-triggered flip-flop clocked by ideal_clock1)
  Path Group: ideal_clock1
  Path Type: min

  Point                                    Incr       Path
  -----------------------------------------------------------
  clock ideal_clock1 (rise edge)           0.00       0.00
  clock network delay (propagated)         0.10       0.10
  DFF_193/q_reg/CLK (DFFX1_RVT)            0.00       0.10 r
  DFF_193/q_reg/Q (DFFX1_RVT)              0.16       0.26 f
  DFF_193/q (dff_341)                      0.00       0.26 f
  DFF_467/d (dff_67)                       0.00       0.26 f
  DFF_467/q_reg/D (DFFX1_RVT)              0.00 *     0.26 f
  data arrival time                                   0.26

  clock ideal_clock1 (rise edge)           0.00       0.00
  clock network delay (propagated)         0.08       0.08
  clock uncertainty                        0.05       0.13
  DFF_467/q_reg/CLK (DFFX1_RVT)            0.00       0.13 r
  library hold time                        0.00       0.14
  data required time                                  0.14
  -----------------------------------------------------------
  data required time                                  0.14
  data arrival time                                  -0.26
  -----------------------------------------------------------
  slack (MET)                                         0.12


  Startpoint: DFF_360/q_reg
              (rising edge-triggered flip-flop clocked by ideal_clock1)
  Endpoint: DFF_267/q_reg
            (rising edge-triggered flip-flop clocked by ideal_clock1)
  Path Group: ideal_clock1
  Path Type: min

  Point                                    Incr       Path
  -----------------------------------------------------------
  clock ideal_clock1 (rise edge)           0.00       0.00
  clock network delay (propagated)         0.08       0.08
  DFF_360/q_reg/CLK (DFFX1_RVT)            0.00       0.08 r
  DFF_360/q_reg/Q (DFFX1_RVT)              0.19       0.27 f
  DFF_360/q (dff_174)                      0.00       0.27 f
  DFF_267/d (dff_267)                      0.00       0.27 f
  DFF_267/q_reg/D (DFFX1_RVT)              0.00 *     0.27 f
  data arrival time                                   0.27

  clock ideal_clock1 (rise edge)           0.00       0.00
  clock network delay (propagated)         0.09       0.09
  clock uncertainty                        0.05       0.14
  DFF_267/q_reg/CLK (DFFX1_RVT)            0.00       0.14 r
  library hold time                        0.01       0.15
  data required time                                  0.15
  -----------------------------------------------------------
  data required time                                  0.15
  data arrival time                                  -0.27
  -----------------------------------------------------------
  slack (MET)                                         0.12


  Startpoint: DFF_397/q_reg
              (rising edge-triggered flip-flop clocked by ideal_clock1)
  Endpoint: DFF_265/q_reg
            (rising edge-triggered flip-flop clocked by ideal_clock1)
  Path Group: ideal_clock1
  Path Type: min

  Point                                    Incr       Path
  -----------------------------------------------------------
  clock ideal_clock1 (rise edge)           0.00       0.00
  clock network delay (propagated)         0.09       0.09
  DFF_397/q_reg/CLK (DFFX1_RVT)            0.00       0.09 r
  DFF_397/q_reg/Q (DFFX1_RVT)              0.19       0.27 f
  DFF_397/q (dff_137)                      0.00       0.27 f
  DFF_265/d (dff_269)                      0.00       0.27 f
  DFF_265/q_reg/D (DFFX1_RVT)              0.00 *     0.27 f
  data arrival time                                   0.27

  clock ideal_clock1 (rise edge)           0.00       0.00
  clock network delay (propagated)         0.09       0.09
  clock uncertainty                        0.05       0.14
  DFF_265/q_reg/CLK (DFFX1_RVT)            0.00       0.14 r
  library hold time                        0.01       0.14
  data required time                                  0.14
  -----------------------------------------------------------
  data required time                                  0.14
  data arrival time                                  -0.27
  -----------------------------------------------------------
  slack (MET)                                         0.13


  Startpoint: DFF_500/q_reg
              (rising edge-triggered flip-flop clocked by ideal_clock1)
  Endpoint: DFF_41/q_reg
            (rising edge-triggered flip-flop clocked by ideal_clock1)
  Path Group: ideal_clock1
  Path Type: min

  Point                                    Incr       Path
  -----------------------------------------------------------
  clock ideal_clock1 (rise edge)           0.00       0.00
  clock network delay (propagated)         0.09       0.09
  DFF_500/q_reg/CLK (DFFX1_RVT)            0.00       0.09 r
  DFF_500/q_reg/Q (DFFX1_RVT)              0.19       0.27 f
  DFF_500/q (dff_34)                       0.00       0.27 f
  DFF_41/d (dff_493)                       0.00       0.27 f
  DFF_41/q_reg/D (DFFX1_RVT)               0.00 *     0.27 f
  data arrival time                                   0.27

  clock ideal_clock1 (rise edge)           0.00       0.00
  clock network delay (propagated)         0.09       0.09
  clock uncertainty                        0.05       0.14
  DFF_41/q_reg/CLK (DFFX1_RVT)             0.00       0.14 r
  library hold time                        0.01       0.14
  data required time                                  0.14
  -----------------------------------------------------------
  data required time                                  0.14
  data arrival time                                  -0.27
  -----------------------------------------------------------
  slack (MET)                                         0.13


  Startpoint: DFF_137/q_reg
              (rising edge-triggered flip-flop clocked by ideal_clock1)
  Endpoint: DFF_299/q_reg
            (rising edge-triggered flip-flop clocked by ideal_clock1)
  Path Group: ideal_clock1
  Path Type: min

  Point                                    Incr       Path
  -----------------------------------------------------------
  clock ideal_clock1 (rise edge)           0.00       0.00
  clock network delay (propagated)         0.09       0.09
  DFF_137/q_reg/CLK (DFFX1_RVT)            0.00       0.09 r
  DFF_137/q_reg/Q (DFFX1_RVT)              0.19       0.27 f
  DFF_137/q (dff_397)                      0.00       0.27 f
  DFF_299/d (dff_235)                      0.00       0.27 f
  DFF_299/q_reg/D (DFFX1_RVT)              0.00 *     0.27 f
  data arrival time                                   0.27

  clock ideal_clock1 (rise edge)           0.00       0.00
  clock network delay (propagated)         0.09       0.09
  clock uncertainty                        0.05       0.14
  DFF_299/q_reg/CLK (DFFX1_RVT)            0.00       0.14 r
  library hold time                        0.01       0.14
  data required time                                  0.14
  -----------------------------------------------------------
  data required time                                  0.14
  data arrival time                                  -0.27
  -----------------------------------------------------------
  slack (MET)                                         0.13


  Startpoint: DFF_21/q_reg
              (rising edge-triggered flip-flop clocked by ideal_clock1)
  Endpoint: DFF_25/q_reg
            (rising edge-triggered flip-flop clocked by ideal_clock1)
  Path Group: ideal_clock1
  Path Type: min

  Point                                    Incr       Path
  -----------------------------------------------------------
  clock ideal_clock1 (rise edge)           0.00       0.00
  clock network delay (propagated)         0.08       0.08
  DFF_21/q_reg/CLK (DFFX1_RVT)             0.00       0.08 r
  DFF_21/q_reg/Q (DFFX1_RVT)               0.19       0.27 f
  DFF_21/q (dff_513)                       0.00       0.27 f
  DFF_25/d (dff_509)                       0.00       0.27 f
  DFF_25/q_reg/D (DFFX1_RVT)               0.00 *     0.27 f
  data arrival time                                   0.27

  clock ideal_clock1 (rise edge)           0.00       0.00
  clock network delay (propagated)         0.08       0.08
  clock uncertainty                        0.05       0.13
  DFF_25/q_reg/CLK (DFFX1_RVT)             0.00       0.13 r
  library hold time                        0.01       0.14
  data required time                                  0.14
  -----------------------------------------------------------
  data required time                                  0.14
  data arrival time                                  -0.27
  -----------------------------------------------------------
  slack (MET)                                         0.13


  Startpoint: DFF_227/q_reg
              (rising edge-triggered flip-flop clocked by ideal_clock1)
  Endpoint: DFF_55/q_reg
            (rising edge-triggered flip-flop clocked by ideal_clock1)
  Path Group: ideal_clock1
  Path Type: min

  Point                                    Incr       Path
  -----------------------------------------------------------
  clock ideal_clock1 (rise edge)           0.00       0.00
  clock network delay (propagated)         0.08       0.08
  DFF_227/q_reg/CLK (DFFX1_RVT)            0.00       0.08 r
  DFF_227/q_reg/Q (DFFX1_RVT)              0.20       0.28 f
  DFF_227/q (dff_307)                      0.00       0.28 f
  DFF_55/d (dff_479)                       0.00       0.28 f
  DFF_55/q_reg/D (DFFX1_RVT)               0.00 *     0.28 f
  data arrival time                                   0.28

  clock ideal_clock1 (rise edge)           0.00       0.00
  clock network delay (propagated)         0.09       0.09
  clock uncertainty                        0.05       0.14
  DFF_55/q_reg/CLK (DFFX1_RVT)             0.00       0.14 r
  library hold time                        0.00       0.15
  data required time                                  0.15
  -----------------------------------------------------------
  data required time                                  0.15
  data arrival time                                  -0.28
  -----------------------------------------------------------
  slack (MET)                                         0.13


  Startpoint: DFF_318/q_reg
              (rising edge-triggered flip-flop clocked by ideal_clock1)
  Endpoint: DFF_233/q_reg
            (rising edge-triggered flip-flop clocked by ideal_clock1)
  Path Group: ideal_clock1
  Path Type: min

  Point                                    Incr       Path
  -----------------------------------------------------------
  clock ideal_clock1 (rise edge)           0.00       0.00
  clock network delay (propagated)         0.08       0.08
  DFF_318/q_reg/CLK (DFFX1_RVT)            0.00       0.08 r
  DFF_318/q_reg/Q (DFFX1_RVT)              0.19       0.27 f
  DFF_318/q (dff_216)                      0.00       0.27 f
  DFF_233/d (dff_301)                      0.00       0.27 f
  DFF_233/q_reg/D (DFFX1_RVT)              0.00 *     0.27 f
  data arrival time                                   0.27

  clock ideal_clock1 (rise edge)           0.00       0.00
  clock network delay (propagated)         0.08       0.08
  clock uncertainty                        0.05       0.13
  DFF_233/q_reg/CLK (DFFX1_RVT)            0.00       0.13 r
  library hold time                        0.00       0.14
  data required time                                  0.14
  -----------------------------------------------------------
  data required time                                  0.14
  data arrival time                                  -0.27
  -----------------------------------------------------------
  slack (MET)                                         0.13


  Startpoint: DFF_356/q_reg
              (rising edge-triggered flip-flop clocked by ideal_clock1)
  Endpoint: DFF_225/q_reg
            (rising edge-triggered flip-flop clocked by ideal_clock1)
  Path Group: ideal_clock1
  Path Type: min

  Point                                    Incr       Path
  -----------------------------------------------------------
  clock ideal_clock1 (rise edge)           0.00       0.00
  clock network delay (propagated)         0.09       0.09
  DFF_356/q_reg/CLK (DFFX1_RVT)            0.00       0.09 r
  DFF_356/q_reg/Q (DFFX1_RVT)              0.19       0.28 f
  DFF_356/q (dff_178)                      0.00       0.28 f
  DFF_225/d (dff_309)                      0.00       0.28 f
  DFF_225/q_reg/D (DFFX1_RVT)              0.00 *     0.28 f
  data arrival time                                   0.28

  clock ideal_clock1 (rise edge)           0.00       0.00
  clock network delay (propagated)         0.09       0.09
  clock uncertainty                        0.05       0.14
  DFF_225/q_reg/CLK (DFFX1_RVT)            0.00       0.14 r
  library hold time                        0.01       0.14
  data required time                                  0.14
  -----------------------------------------------------------
  data required time                                  0.14
  data arrival time                                  -0.28
  -----------------------------------------------------------
  slack (MET)                                         0.13


  Startpoint: DFF_295/q_reg
              (rising edge-triggered flip-flop clocked by ideal_clock1)
  Endpoint: DFF_68/q_reg
            (rising edge-triggered flip-flop clocked by ideal_clock1)
  Path Group: ideal_clock1
  Path Type: min

  Point                                    Incr       Path
  -----------------------------------------------------------
  clock ideal_clock1 (rise edge)           0.00       0.00
  clock network delay (propagated)         0.09       0.09
  DFF_295/q_reg/CLK (DFFX1_RVT)            0.00       0.09 r
  DFF_295/q_reg/Q (DFFX1_RVT)              0.19       0.28 f
  DFF_295/q (dff_239)                      0.00       0.28 f
  DFF_68/d (dff_466)                       0.00       0.28 f
  DFF_68/q_reg/D (DFFX1_RVT)               0.00 *     0.28 f
  data arrival time                                   0.28

  clock ideal_clock1 (rise edge)           0.00       0.00
  clock network delay (propagated)         0.09       0.09
  clock uncertainty                        0.05       0.14
  DFF_68/q_reg/CLK (DFFX1_RVT)             0.00       0.14 r
  library hold time                        0.01       0.14
  data required time                                  0.14
  -----------------------------------------------------------
  data required time                                  0.14
  data arrival time                                  -0.28
  -----------------------------------------------------------
  slack (MET)                                         0.13


  Startpoint: DFF_443/q_reg
              (rising edge-triggered flip-flop clocked by ideal_clock1)
  Endpoint: DFF_65/q_reg
            (rising edge-triggered flip-flop clocked by ideal_clock1)
  Path Group: ideal_clock1
  Path Type: min

  Point                                    Incr       Path
  -----------------------------------------------------------
  clock ideal_clock1 (rise edge)           0.00       0.00
  clock network delay (propagated)         0.08       0.08
  DFF_443/q_reg/CLK (DFFX1_RVT)            0.00       0.08 r
  DFF_443/q_reg/Q (DFFX1_RVT)              0.19       0.27 f
  DFF_443/q (dff_91)                       0.00       0.27 f
  DFF_65/d (dff_469)                       0.00       0.27 f
  DFF_65/q_reg/D (DFFX1_RVT)               0.00 *     0.27 f
  data arrival time                                   0.27

  clock ideal_clock1 (rise edge)           0.00       0.00
  clock network delay (propagated)         0.08       0.08
  clock uncertainty                        0.05       0.13
  DFF_65/q_reg/CLK (DFFX1_RVT)             0.00       0.13 r
  library hold time                        0.00       0.14
  data required time                                  0.14
  -----------------------------------------------------------
  data required time                                  0.14
  data arrival time                                  -0.27
  -----------------------------------------------------------
  slack (MET)                                         0.13


  Startpoint: DFF_244/q_reg
              (rising edge-triggered flip-flop clocked by ideal_clock1)
  Endpoint: DFF_239/q_reg
            (rising edge-triggered flip-flop clocked by ideal_clock1)
  Path Group: ideal_clock1
  Path Type: min

  Point                                    Incr       Path
  -----------------------------------------------------------
  clock ideal_clock1 (rise edge)           0.00       0.00
  clock network delay (propagated)         0.08       0.08
  DFF_244/q_reg/CLK (DFFX1_RVT)            0.00       0.08 r
  DFF_244/q_reg/Q (DFFX1_RVT)              0.19       0.27 f
  DFF_244/q (dff_290)                      0.00       0.27 f
  DFF_239/d (dff_295)                      0.00       0.27 f
  DFF_239/q_reg/D (DFFX1_RVT)              0.00 *     0.27 f
  data arrival time                                   0.27

  clock ideal_clock1 (rise edge)           0.00       0.00
  clock network delay (propagated)         0.08       0.08
  clock uncertainty                        0.05       0.13
  DFF_239/q_reg/CLK (DFFX1_RVT)            0.00       0.13 r
  library hold time                        0.00       0.14
  data required time                                  0.14
  -----------------------------------------------------------
  data required time                                  0.14
  data arrival time                                  -0.27
  -----------------------------------------------------------
  slack (MET)                                         0.13


  Startpoint: DFF_71/q_reg
              (rising edge-triggered flip-flop clocked by ideal_clock1)
  Endpoint: DFF_436/q_reg
            (rising edge-triggered flip-flop clocked by ideal_clock1)
  Path Group: ideal_clock1
  Path Type: min

  Point                                    Incr       Path
  -----------------------------------------------------------
  clock ideal_clock1 (rise edge)           0.00       0.00
  clock network delay (propagated)         0.09       0.09
  DFF_71/q_reg/CLK (DFFX1_RVT)             0.00       0.09 r
  DFF_71/q_reg/Q (DFFX1_RVT)               0.20       0.29 f
  DFF_71/q (dff_463)                       0.00       0.29 f
  DFF_436/d (dff_98)                       0.00       0.29 f
  DFF_436/q_reg/D (DFFX1_RVT)              0.00 *     0.29 f
  data arrival time                                   0.29

  clock ideal_clock1 (rise edge)           0.00       0.00
  clock network delay (propagated)         0.09       0.09
  clock uncertainty                        0.05       0.14
  DFF_436/q_reg/CLK (DFFX1_RVT)            0.00       0.14 r
  library hold time                        0.01       0.15
  data required time                                  0.15
  -----------------------------------------------------------
  data required time                                  0.15
  data arrival time                                  -0.29
  -----------------------------------------------------------
  slack (MET)                                         0.14


  Startpoint: DFF_462/q_reg
              (rising edge-triggered flip-flop clocked by ideal_clock1)
  Endpoint: DFF_156/q_reg
            (rising edge-triggered flip-flop clocked by ideal_clock1)
  Path Group: ideal_clock1
  Path Type: min

  Point                                    Incr       Path
  -----------------------------------------------------------
  clock ideal_clock1 (rise edge)           0.00       0.00
  clock network delay (propagated)         0.08       0.08
  DFF_462/q_reg/CLK (DFFX1_RVT)            0.00       0.08 r
  DFF_462/q_reg/Q (DFFX1_RVT)              0.19       0.27 f
  DFF_462/q (dff_72)                       0.00       0.27 f
  DFF_156/d (dff_378)                      0.00       0.27 f
  DFF_156/q_reg/D (DFFX1_RVT)              0.00 *     0.27 f
  data arrival time                                   0.27

  clock ideal_clock1 (rise edge)           0.00       0.00
  clock network delay (propagated)         0.10       0.10
  clock uncertainty                        0.05       0.15
  DFF_156/q_reg/CLK (DFFX1_RVT)            0.00       0.15 r
  library hold time                       -0.01       0.14
  data required time                                  0.14
  -----------------------------------------------------------
  data required time                                  0.14
  data arrival time                                  -0.27
  -----------------------------------------------------------
  slack (MET)                                         0.14


  Startpoint: DFF_226/q_reg
              (rising edge-triggered flip-flop clocked by ideal_clock1)
  Endpoint: DFF_215/q_reg
            (rising edge-triggered flip-flop clocked by ideal_clock1)
  Path Group: ideal_clock1
  Path Type: min

  Point                                    Incr       Path
  -----------------------------------------------------------
  clock ideal_clock1 (rise edge)           0.00       0.00
  clock network delay (propagated)         0.09       0.09
  DFF_226/q_reg/CLK (DFFX1_RVT)            0.00       0.09 r
  DFF_226/q_reg/Q (DFFX1_RVT)              0.19       0.28 f
  DFF_226/q (dff_308)                      0.00       0.28 f
  DFF_215/d (dff_319)                      0.00       0.28 f
  DFF_215/q_reg/D (DFFX1_RVT)              0.00 *     0.28 f
  data arrival time                                   0.28

  clock ideal_clock1 (rise edge)           0.00       0.00
  clock network delay (propagated)         0.09       0.09
  clock uncertainty                        0.05       0.14
  DFF_215/q_reg/CLK (DFFX1_RVT)            0.00       0.14 r
  library hold time                        0.01       0.15
  data required time                                  0.15
  -----------------------------------------------------------
  data required time                                  0.15
  data arrival time                                  -0.28
  -----------------------------------------------------------
  slack (MET)                                         0.14


  Startpoint: DFF_127/q_reg
              (rising edge-triggered flip-flop clocked by ideal_clock1)
  Endpoint: DFF_412/q_reg
            (rising edge-triggered flip-flop clocked by ideal_clock1)
  Path Group: ideal_clock1
  Path Type: min

  Point                                    Incr       Path
  -----------------------------------------------------------
  clock ideal_clock1 (rise edge)           0.00       0.00
  clock network delay (propagated)         0.09       0.09
  DFF_127/q_reg/CLK (DFFX1_RVT)            0.00       0.09 r
  DFF_127/q_reg/Q (DFFX1_RVT)              0.20       0.29 f
  DFF_127/q (dff_407)                      0.00       0.29 f
  DFF_412/d (dff_122)                      0.00       0.29 f
  DFF_412/q_reg/D (DFFX1_RVT)              0.00 *     0.29 f
  data arrival time                                   0.29

  clock ideal_clock1 (rise edge)           0.00       0.00
  clock network delay (propagated)         0.09       0.09
  clock uncertainty                        0.05       0.14
  DFF_412/q_reg/CLK (DFFX1_RVT)            0.00       0.14 r
  library hold time                        0.00       0.15
  data required time                                  0.15
  -----------------------------------------------------------
  data required time                                  0.15
  data arrival time                                  -0.29
  -----------------------------------------------------------
  slack (MET)                                         0.14


  Startpoint: DFF_311/q_reg
              (rising edge-triggered flip-flop clocked by ideal_clock1)
  Endpoint: DFF_445/q_reg
            (rising edge-triggered flip-flop clocked by ideal_clock1)
  Path Group: ideal_clock1
  Path Type: min

  Point                                    Incr       Path
  -----------------------------------------------------------
  clock ideal_clock1 (rise edge)           0.00       0.00
  clock network delay (propagated)         0.08       0.08
  DFF_311/q_reg/CLK (DFFX1_RVT)            0.00       0.08 r
  DFF_311/q_reg/Q (DFFX1_RVT)              0.19       0.27 f
  DFF_311/q (dff_223)                      0.00       0.27 f
  DFF_445/d (dff_89)                       0.00       0.27 f
  DFF_445/q_reg/D (DFFX1_RVT)              0.00 *     0.27 f
  data arrival time                                   0.27

  clock ideal_clock1 (rise edge)           0.00       0.00
  clock network delay (propagated)         0.08       0.08
  clock uncertainty                        0.05       0.13
  DFF_445/q_reg/CLK (DFFX1_RVT)            0.00       0.13 r
  library hold time                        0.00       0.13
  data required time                                  0.13
  -----------------------------------------------------------
  data required time                                  0.13
  data arrival time                                  -0.27
  -----------------------------------------------------------
  slack (MET)                                         0.14


  Startpoint: DFF_398/q_reg
              (rising edge-triggered flip-flop clocked by ideal_clock1)
  Endpoint: DFF_188/q_reg
            (rising edge-triggered flip-flop clocked by ideal_clock1)
  Path Group: ideal_clock1
  Path Type: min

  Point                                    Incr       Path
  -----------------------------------------------------------
  clock ideal_clock1 (rise edge)           0.00       0.00
  clock network delay (propagated)         0.09       0.09
  DFF_398/q_reg/CLK (DFFX1_RVT)            0.00       0.09 r
  DFF_398/q_reg/Q (DFFX1_RVT)              0.19       0.28 f
  DFF_398/q (dff_136)                      0.00       0.28 f
  DFF_188/d (dff_346)                      0.00       0.28 f
  DFF_188/q_reg/D (DFFX1_RVT)              0.00 *     0.28 f
  data arrival time                                   0.28

  clock ideal_clock1 (rise edge)           0.00       0.00
  clock network delay (propagated)         0.10       0.10
  clock uncertainty                        0.05       0.15
  DFF_188/q_reg/CLK (DFFX1_RVT)            0.00       0.15 r
  library hold time                       -0.01       0.14
  data required time                                  0.14
  -----------------------------------------------------------
  data required time                                  0.14
  data arrival time                                  -0.28
  -----------------------------------------------------------
  slack (MET)                                         0.14


1
