Information: Propagating switching activity (low effort zero delay simulation). (PWR-6)
Warning: Design has unannotated primary inputs. (PWR-414)
Warning: Design has unannotated sequential cell outputs. (PWR-415)
 
****************************************
Report : power
        -analysis_effort low
Design : fpu
Version: L-2016.03-SP5-1
Date   : Mon May 13 22:31:12 2019
****************************************


Library(s) Used:

    saed32rvt_ss0p95v25c (File: /mnt/class_data/ecec574-w2019/PDKs/SAED32nm_new/SAED32_EDK/lib/stdcell_rvt/db_ccs/saed32rvt_ss0p95v25c.db)


Operating Conditions: ss0p95v25c   Library: saed32rvt_ss0p95v25c
Wire Load Model Mode: enclosed

Design        Wire Load Model            Library
------------------------------------------------
fpu                    ForQA             saed32rvt_ss0p95v25c


Global Operating Voltage = 0.95 
Power-specific unit information :
    Voltage Units = 1V
    Capacitance Units = 1.000000ff
    Time Units = 1ns
    Dynamic Power Units = 1uW    (derived from V,C,T units)
    Leakage Power Units = 1pW


  Cell Internal Power  = 462.6866 uW   (78%)
  Net Switching Power  = 132.5489 uW   (22%)
                         ---------
Total Dynamic Power    = 595.2355 uW  (100%)

Cell Leakage Power     =   2.9650 mW


                 Internal         Switching           Leakage            Total
Power Group      Power            Power               Power              Power   (   %    )  Attrs
--------------------------------------------------------------------------------------------------
io_pad             0.0000            0.0000            0.0000            0.0000  (   0.00%)
memory             0.0000            0.0000            0.0000            0.0000  (   0.00%)
black_box          0.0000            0.0000            0.0000            0.0000  (   0.00%)
clock_network      0.5265          101.4006        1.5251e+06          103.4522  (   2.91%)
register         448.7928            4.1880        7.1393e+08        1.1669e+03  (  32.78%)
sequential     2.0923e-04        4.6193e-05        3.7981e+08          379.8135  (  10.67%)
combinational     13.3788           26.9603        1.8697e+09        1.9100e+03  (  53.65%)
--------------------------------------------------------------------------------------------------
Total            462.6982 uW       132.5490 uW     2.9650e+09 pW     3.5602e+03 uW
1
