 
****************************************
Report : cell
Design : fpu
Version: L-2016.03-SP5-1
Date   : Mon May 13 22:56:29 2019
****************************************

Attributes:
    b - black box (unknown)
    d - dont_touch
    h - hierarchical
    n - noncombinational
    r - removable
    u - contains unmapped logic

Cell                      Reference       Library             Area  Attributes
--------------------------------------------------------------------------------
CTS_ideal_clock1_CTO_delay4
                          NBUFFX32_RVT    saed32rvt_ss0p95v25c
                                                          10.674048 d
CTS_ideal_clock1_CTO_delay16
                          NBUFFX2_RVT     saed32rvt_ss0p95v25c
                                                          2.033152  d
CTS_ideal_clock1_CTO_delay26
                          NBUFFX2_RVT     saed32rvt_ss0p95v25c
                                                          2.033152  d
CTS_ideal_clock1_CTO_delay34
                          NBUFFX2_RVT     saed32rvt_ss0p95v25c
                                                          2.033152  d
CTS_ideal_clock1_CTO_delay37
                          NBUFFX2_RVT     saed32rvt_ss0p95v25c
                                                          2.033152  d
CTS_ideal_clock1_CTO_delay211
                          NBUFFX2_RVT     saed32rvt_ss0p95v25c
                                                          2.033152  d
CTS_ideal_clock1_CTO_delay311
                          NBUFFX2_RVT     saed32rvt_ss0p95v25c
                                                          2.033152  d
INVX4_RVT_G2B4I1          INVX4_RVT       saed32rvt_ss0p95v25c
                                                          2.033152  d
INVX8_RVT_G2B1I1          INVX8_RVT       saed32rvt_ss0p95v25c
                                                          3.049728  d
INVX16_RVT_G2B1I2         INVX8_RVT       saed32rvt_ss0p95v25c
                                                          3.049728  d
INVX16_RVT_G2B1I3         INVX8_RVT       saed32rvt_ss0p95v25c
                                                          3.049728  d
INVX16_RVT_G2B1I4         INVX8_RVT       saed32rvt_ss0p95v25c
                                                          3.049728  d
INVX16_RVT_G2B1I5         INVX16_RVT      saed32rvt_ss0p95v25c
                                                          5.082880  d
INVX16_RVT_G2B1I6         INVX16_RVT      saed32rvt_ss0p95v25c
                                                          5.082880  d
INVX16_RVT_G2B2I1         INVX16_RVT      saed32rvt_ss0p95v25c
                                                          5.082880  d
INVX16_RVT_G2B3I1         INVX16_RVT      saed32rvt_ss0p95v25c
                                                          5.082880  d
U1                        NBUFFX2_RVT     saed32rvt_ss0p95v25c
                                                          2.033152  
U2                        NBUFFX2_RVT     saed32rvt_ss0p95v25c
                                                          2.033152  
U3                        NBUFFX2_RVT     saed32rvt_ss0p95v25c
                                                          2.033152  
U5                        NBUFFX2_RVT     saed32rvt_ss0p95v25c
                                                          2.033152  
U6                        NBUFFX2_RVT     saed32rvt_ss0p95v25c
                                                          2.033152  
U7                        NBUFFX2_RVT     saed32rvt_ss0p95v25c
                                                          2.033152  
U8                        NBUFFX2_RVT     saed32rvt_ss0p95v25c
                                                          2.033152  
U9                        NBUFFX2_RVT     saed32rvt_ss0p95v25c
                                                          2.033152  
U10                       NBUFFX2_RVT     saed32rvt_ss0p95v25c
                                                          2.033152  
U11                       NBUFFX2_RVT     saed32rvt_ss0p95v25c
                                                          2.033152  
U12                       NBUFFX2_RVT     saed32rvt_ss0p95v25c
                                                          2.033152  
U13                       NBUFFX2_RVT     saed32rvt_ss0p95v25c
                                                          2.033152  
U14                       NBUFFX2_RVT     saed32rvt_ss0p95v25c
                                                          2.033152  
U15                       INVX1_RVT       saed32rvt_ss0p95v25c
                                                          1.270720  
U16                       NBUFFX2_RVT     saed32rvt_ss0p95v25c
                                                          2.033152  
U17                       INVX1_RVT       saed32rvt_ss0p95v25c
                                                          1.270720  
U18                       NBUFFX2_RVT     saed32rvt_ss0p95v25c
                                                          2.033152  
U19                       NBUFFX2_RVT     saed32rvt_ss0p95v25c
                                                          2.033152  
U20                       NBUFFX2_RVT     saed32rvt_ss0p95v25c
                                                          2.033152  
U21                       NBUFFX2_RVT     saed32rvt_ss0p95v25c
                                                          2.033152  
U22                       NBUFFX2_RVT     saed32rvt_ss0p95v25c
                                                          2.033152  
U23                       NBUFFX2_RVT     saed32rvt_ss0p95v25c
                                                          2.033152  
U24                       NBUFFX2_RVT     saed32rvt_ss0p95v25c
                                                          2.033152  
U25                       NBUFFX2_RVT     saed32rvt_ss0p95v25c
                                                          2.033152  
U26                       NBUFFX2_RVT     saed32rvt_ss0p95v25c
                                                          2.033152  
U27                       NBUFFX2_RVT     saed32rvt_ss0p95v25c
                                                          2.033152  
U28                       NBUFFX2_RVT     saed32rvt_ss0p95v25c
                                                          2.033152  
U29                       NBUFFX2_RVT     saed32rvt_ss0p95v25c
                                                          2.033152  
U30                       NBUFFX2_RVT     saed32rvt_ss0p95v25c
                                                          2.033152  
U31                       NBUFFX2_RVT     saed32rvt_ss0p95v25c
                                                          2.033152  
U32                       INVX0_RVT       saed32rvt_ss0p95v25c
                                                          1.270720  
U33                       NBUFFX2_RVT     saed32rvt_ss0p95v25c
                                                          2.033152  
U34                       NBUFFX2_RVT     saed32rvt_ss0p95v25c
                                                          2.033152  
U35                       NBUFFX2_RVT     saed32rvt_ss0p95v25c
                                                          2.033152  
U36                       NBUFFX2_RVT     saed32rvt_ss0p95v25c
                                                          2.033152  
U37                       NBUFFX2_RVT     saed32rvt_ss0p95v25c
                                                          2.033152  
U38                       NBUFFX2_RVT     saed32rvt_ss0p95v25c
                                                          2.033152  
U39                       NBUFFX2_RVT     saed32rvt_ss0p95v25c
                                                          2.033152  
U40                       NBUFFX2_RVT     saed32rvt_ss0p95v25c
                                                          2.033152  
U41                       NBUFFX2_RVT     saed32rvt_ss0p95v25c
                                                          2.033152  
U43                       NBUFFX2_RVT     saed32rvt_ss0p95v25c
                                                          2.033152  
U44                       NBUFFX2_RVT     saed32rvt_ss0p95v25c
                                                          2.033152  
U45                       NBUFFX2_RVT     saed32rvt_ss0p95v25c
                                                          2.033152  
U46                       NBUFFX2_RVT     saed32rvt_ss0p95v25c
                                                          2.033152  
U47                       NBUFFX2_RVT     saed32rvt_ss0p95v25c
                                                          2.033152  
U48                       INVX0_RVT       saed32rvt_ss0p95v25c
                                                          1.270720  
U49                       NBUFFX2_RVT     saed32rvt_ss0p95v25c
                                                          2.033152  
U50                       NBUFFX2_RVT     saed32rvt_ss0p95v25c
                                                          2.033152  
U51                       NBUFFX2_RVT     saed32rvt_ss0p95v25c
                                                          2.033152  
U52                       NBUFFX2_RVT     saed32rvt_ss0p95v25c
                                                          2.033152  
U53                       NBUFFX2_RVT     saed32rvt_ss0p95v25c
                                                          2.033152  
U54                       INVX0_RVT       saed32rvt_ss0p95v25c
                                                          1.270720  
U55                       NBUFFX2_RVT     saed32rvt_ss0p95v25c
                                                          2.033152  
U56                       INVX1_RVT       saed32rvt_ss0p95v25c
                                                          1.270720  
U57                       NBUFFX2_RVT     saed32rvt_ss0p95v25c
                                                          2.033152  
U58                       NBUFFX2_RVT     saed32rvt_ss0p95v25c
                                                          2.033152  
U59                       NBUFFX2_RVT     saed32rvt_ss0p95v25c
                                                          2.033152  
U60                       NBUFFX2_RVT     saed32rvt_ss0p95v25c
                                                          2.033152  
U61                       NBUFFX2_RVT     saed32rvt_ss0p95v25c
                                                          2.033152  
U62                       NBUFFX2_RVT     saed32rvt_ss0p95v25c
                                                          2.033152  
U63                       NBUFFX2_RVT     saed32rvt_ss0p95v25c
                                                          2.033152  
U64                       INVX1_RVT       saed32rvt_ss0p95v25c
                                                          1.270720  
U65                       NBUFFX2_RVT     saed32rvt_ss0p95v25c
                                                          2.033152  
U66                       NBUFFX2_RVT     saed32rvt_ss0p95v25c
                                                          2.033152  
U69                       NBUFFX2_RVT     saed32rvt_ss0p95v25c
                                                          2.033152  
U70                       INVX1_RVT       saed32rvt_ss0p95v25c
                                                          1.270720  
U71                       INVX1_RVT       saed32rvt_ss0p95v25c
                                                          1.270720  
U74                       INVX1_RVT       saed32rvt_ss0p95v25c
                                                          1.270720  
U75                       INVX1_RVT       saed32rvt_ss0p95v25c
                                                          1.270720  
cluster_header            bw_clk_cl_fpu_cmp               107.502913
                                                                    h, n
fpu_add                   fpu_add                         27312.856145
                                                                    h, n
fpu_div                   fpu_div                         10994.269596
                                                                    h, n
fpu_in                    fpu_in                          5446.814232
                                                                    h, n
fpu_mul                   fpu_mul                         51910.436522
                                                                    h, n
fpu_out                   fpu_out                         1562.731445
                                                                    h, n
fpu_rptr_groups           fpu_rptr_groups                 0.000000  h
i_fpu_inq_sram            bw_r_rf16x160                   24393.757731
                                                                    h, n
test_stub                 test_stub_scan                  14.486208 h
--------------------------------------------------------------------------------
Total 94 cells                                            121932.192080
1
