 
****************************************
Report : timing
        -path full
        -delay max
        -max_paths 20
Design : s35932
Version: L-2016.03-SP5-1
Date   : Tue Mar  5 21:09:08 2019
****************************************

 * Some/all delay information is back-annotated.

Operating Conditions: ss0p95v25c   Library: saed32rvt_ss0p95v25c
	Parasitic source    : LPE
	Parasitic mode      : RealRVirtualC
	Extraction mode     : MIN_MAX
	Extraction derating : 125/125/125

Information: Percent of Arnoldi-based delays = 11.53%

Information: Percent of CCS-based delays = 11.22%

  Startpoint: TM1 (input port clocked by ideal_clock1)
  Endpoint: DATA_9_21 (output port clocked by ideal_clock1)
  Path Group: ideal_clock1
  Path Type: max

  Point                                    Incr       Path
  -----------------------------------------------------------
  clock ideal_clock1 (rise edge)           0.00       0.00
  clock network delay (ideal)              0.40       0.40
  input external delay                     2.00       2.40 f
  TM1 (in)                                 0.00       2.40 f
  U3010/Y (INVX1_RVT)                      0.38 *     2.78 r
  U6077/Y (XNOR3X1_RVT)                    0.42 *     3.20 r
  U6029/Y (XNOR2X1_RVT)                    0.19 *     3.40 r
  DATA_9_21 (out)                          0.00 *     3.40 r
  data arrival time                                   3.40

  clock ideal_clock1 (rise edge)          10.00      10.00
  clock network delay (ideal)              0.40      10.40
  clock uncertainty                       -0.05      10.35
  output external delay                   -2.00       8.35
  data required time                                  8.35
  -----------------------------------------------------------
  data required time                                  8.35
  data arrival time                                  -3.40
  -----------------------------------------------------------
  slack (MET)                                         4.95


  Startpoint: TM1 (input port clocked by ideal_clock1)
  Endpoint: DATA_9_25 (output port clocked by ideal_clock1)
  Path Group: ideal_clock1
  Path Type: max

  Point                                    Incr       Path
  -----------------------------------------------------------
  clock ideal_clock1 (rise edge)           0.00       0.00
  clock network delay (ideal)              0.40       0.40
  input external delay                     2.00       2.40 f
  TM1 (in)                                 0.00       2.40 f
  U3010/Y (INVX1_RVT)                      0.38 *     2.78 r
  U6059/Y (XNOR3X1_RVT)                    0.41 *     3.19 r
  U6206/Y (XNOR2X1_RVT)                    0.20 *     3.40 r
  DATA_9_25 (out)                          0.00 *     3.40 r
  data arrival time                                   3.40

  clock ideal_clock1 (rise edge)          10.00      10.00
  clock network delay (ideal)              0.40      10.40
  clock uncertainty                       -0.05      10.35
  output external delay                   -2.00       8.35
  data required time                                  8.35
  -----------------------------------------------------------
  data required time                                  8.35
  data arrival time                                  -3.40
  -----------------------------------------------------------
  slack (MET)                                         4.95


  Startpoint: TM1 (input port clocked by ideal_clock1)
  Endpoint: DATA_9_24 (output port clocked by ideal_clock1)
  Path Group: ideal_clock1
  Path Type: max

  Point                                    Incr       Path
  -----------------------------------------------------------
  clock ideal_clock1 (rise edge)           0.00       0.00
  clock network delay (ideal)              0.40       0.40
  input external delay                     2.00       2.40 f
  TM1 (in)                                 0.00       2.40 f
  U3010/Y (INVX1_RVT)                      0.38 *     2.78 r
  U6061/Y (XNOR3X1_RVT)                    0.41 *     3.19 r
  U6027/Y (XNOR2X1_RVT)                    0.20 *     3.39 r
  DATA_9_24 (out)                          0.00 *     3.39 r
  data arrival time                                   3.39

  clock ideal_clock1 (rise edge)          10.00      10.00
  clock network delay (ideal)              0.40      10.40
  clock uncertainty                       -0.05      10.35
  output external delay                   -2.00       8.35
  data required time                                  8.35
  -----------------------------------------------------------
  data required time                                  8.35
  data arrival time                                  -3.39
  -----------------------------------------------------------
  slack (MET)                                         4.96


  Startpoint: TM1 (input port clocked by ideal_clock1)
  Endpoint: DATA_9_26 (output port clocked by ideal_clock1)
  Path Group: ideal_clock1
  Path Type: max

  Point                                    Incr       Path
  -----------------------------------------------------------
  clock ideal_clock1 (rise edge)           0.00       0.00
  clock network delay (ideal)              0.40       0.40
  input external delay                     2.00       2.40 f
  TM1 (in)                                 0.00       2.40 f
  U3010/Y (INVX1_RVT)                      0.38 *     2.78 r
  U6071/Y (XNOR3X1_RVT)                    0.40 *     3.18 r
  U6205/Y (XNOR2X1_RVT)                    0.20 *     3.39 r
  DATA_9_26 (out)                          0.00 *     3.39 r
  data arrival time                                   3.39

  clock ideal_clock1 (rise edge)          10.00      10.00
  clock network delay (ideal)              0.40      10.40
  clock uncertainty                       -0.05      10.35
  output external delay                   -2.00       8.35
  data required time                                  8.35
  -----------------------------------------------------------
  data required time                                  8.35
  data arrival time                                  -3.39
  -----------------------------------------------------------
  slack (MET)                                         4.96


  Startpoint: TM1 (input port clocked by ideal_clock1)
  Endpoint: DATA_9_23 (output port clocked by ideal_clock1)
  Path Group: ideal_clock1
  Path Type: max

  Point                                    Incr       Path
  -----------------------------------------------------------
  clock ideal_clock1 (rise edge)           0.00       0.00
  clock network delay (ideal)              0.40       0.40
  input external delay                     2.00       2.40 f
  TM1 (in)                                 0.00       2.40 f
  U3010/Y (INVX1_RVT)                      0.38 *     2.78 r
  U6063/Y (XNOR3X1_RVT)                    0.40 *     3.18 r
  U6207/Y (XNOR2X1_RVT)                    0.20 *     3.38 r
  DATA_9_23 (out)                          0.00 *     3.38 r
  data arrival time                                   3.38

  clock ideal_clock1 (rise edge)          10.00      10.00
  clock network delay (ideal)              0.40      10.40
  clock uncertainty                       -0.05      10.35
  output external delay                   -2.00       8.35
  data required time                                  8.35
  -----------------------------------------------------------
  data required time                                  8.35
  data arrival time                                  -3.38
  -----------------------------------------------------------
  slack (MET)                                         4.97


  Startpoint: TM1 (input port clocked by ideal_clock1)
  Endpoint: DATA_9_22 (output port clocked by ideal_clock1)
  Path Group: ideal_clock1
  Path Type: max

  Point                                    Incr       Path
  -----------------------------------------------------------
  clock ideal_clock1 (rise edge)           0.00       0.00
  clock network delay (ideal)              0.40       0.40
  input external delay                     2.00       2.40 f
  TM1 (in)                                 0.00       2.40 f
  U3010/Y (INVX1_RVT)                      0.38 *     2.78 r
  U6065/Y (XNOR3X1_RVT)                    0.41 *     3.19 r
  U6208/Y (XNOR2X1_RVT)                    0.20 *     3.38 r
  DATA_9_22 (out)                          0.00 *     3.38 r
  data arrival time                                   3.38

  clock ideal_clock1 (rise edge)          10.00      10.00
  clock network delay (ideal)              0.40      10.40
  clock uncertainty                       -0.05      10.35
  output external delay                   -2.00       8.35
  data required time                                  8.35
  -----------------------------------------------------------
  data required time                                  8.35
  data arrival time                                  -3.38
  -----------------------------------------------------------
  slack (MET)                                         4.97


  Startpoint: TM1 (input port clocked by ideal_clock1)
  Endpoint: DATA_9_27 (output port clocked by ideal_clock1)
  Path Group: ideal_clock1
  Path Type: max

  Point                                    Incr       Path
  -----------------------------------------------------------
  clock ideal_clock1 (rise edge)           0.00       0.00
  clock network delay (ideal)              0.40       0.40
  input external delay                     2.00       2.40 f
  TM1 (in)                                 0.00       2.40 f
  U3010/Y (INVX1_RVT)                      0.38 *     2.78 r
  U6057/Y (XNOR3X1_RVT)                    0.41 *     3.19 r
  U6204/Y (XNOR2X1_RVT)                    0.19 *     3.38 r
  DATA_9_27 (out)                          0.00 *     3.38 r
  data arrival time                                   3.38

  clock ideal_clock1 (rise edge)          10.00      10.00
  clock network delay (ideal)              0.40      10.40
  clock uncertainty                       -0.05      10.35
  output external delay                   -2.00       8.35
  data required time                                  8.35
  -----------------------------------------------------------
  data required time                                  8.35
  data arrival time                                  -3.38
  -----------------------------------------------------------
  slack (MET)                                         4.97


  Startpoint: TM1 (input port clocked by ideal_clock1)
  Endpoint: DATA_9_29 (output port clocked by ideal_clock1)
  Path Group: ideal_clock1
  Path Type: max

  Point                                    Incr       Path
  -----------------------------------------------------------
  clock ideal_clock1 (rise edge)           0.00       0.00
  clock network delay (ideal)              0.40       0.40
  input external delay                     2.00       2.40 f
  TM1 (in)                                 0.00       2.40 f
  U3010/Y (INVX1_RVT)                      0.38 *     2.78 r
  U6069/Y (XNOR3X1_RVT)                    0.40 *     3.19 r
  U6202/Y (XNOR2X1_RVT)                    0.19 *     3.38 r
  DATA_9_29 (out)                          0.00 *     3.38 r
  data arrival time                                   3.38

  clock ideal_clock1 (rise edge)          10.00      10.00
  clock network delay (ideal)              0.40      10.40
  clock uncertainty                       -0.05      10.35
  output external delay                   -2.00       8.35
  data required time                                  8.35
  -----------------------------------------------------------
  data required time                                  8.35
  data arrival time                                  -3.38
  -----------------------------------------------------------
  slack (MET)                                         4.97


  Startpoint: TM1 (input port clocked by ideal_clock1)
  Endpoint: DATA_9_30 (output port clocked by ideal_clock1)
  Path Group: ideal_clock1
  Path Type: max

  Point                                    Incr       Path
  -----------------------------------------------------------
  clock ideal_clock1 (rise edge)           0.00       0.00
  clock network delay (ideal)              0.40       0.40
  input external delay                     2.00       2.40 f
  TM1 (in)                                 0.00       2.40 f
  U3010/Y (INVX1_RVT)                      0.38 *     2.78 r
  U6067/Y (XNOR3X1_RVT)                    0.41 *     3.19 r
  U6201/Y (XNOR2X1_RVT)                    0.19 *     3.38 r
  DATA_9_30 (out)                          0.00 *     3.38 r
  data arrival time                                   3.38

  clock ideal_clock1 (rise edge)          10.00      10.00
  clock network delay (ideal)              0.40      10.40
  clock uncertainty                       -0.05      10.35
  output external delay                   -2.00       8.35
  data required time                                  8.35
  -----------------------------------------------------------
  data required time                                  8.35
  data arrival time                                  -3.38
  -----------------------------------------------------------
  slack (MET)                                         4.97


  Startpoint: TM1 (input port clocked by ideal_clock1)
  Endpoint: DATA_9_28 (output port clocked by ideal_clock1)
  Path Group: ideal_clock1
  Path Type: max

  Point                                    Incr       Path
  -----------------------------------------------------------
  clock ideal_clock1 (rise edge)           0.00       0.00
  clock network delay (ideal)              0.40       0.40
  input external delay                     2.00       2.40 f
  TM1 (in)                                 0.00       2.40 f
  U3010/Y (INVX1_RVT)                      0.38 *     2.78 r
  U6075/Y (XNOR3X1_RVT)                    0.40 *     3.19 r
  U6203/Y (XNOR2X1_RVT)                    0.19 *     3.38 r
  DATA_9_28 (out)                          0.00 *     3.38 r
  data arrival time                                   3.38

  clock ideal_clock1 (rise edge)          10.00      10.00
  clock network delay (ideal)              0.40      10.40
  clock uncertainty                       -0.05      10.35
  output external delay                   -2.00       8.35
  data required time                                  8.35
  -----------------------------------------------------------
  data required time                                  8.35
  data arrival time                                  -3.38
  -----------------------------------------------------------
  slack (MET)                                         4.97


  Startpoint: TM1 (input port clocked by ideal_clock1)
  Endpoint: DATA_9_20 (output port clocked by ideal_clock1)
  Path Group: ideal_clock1
  Path Type: max

  Point                                    Incr       Path
  -----------------------------------------------------------
  clock ideal_clock1 (rise edge)           0.00       0.00
  clock network delay (ideal)              0.40       0.40
  input external delay                     2.00       2.40 f
  TM1 (in)                                 0.00       2.40 f
  U3010/Y (INVX1_RVT)                      0.38 *     2.78 r
  U6073/Y (XNOR3X1_RVT)                    0.41 *     3.19 r
  U6031/Y (XNOR2X1_RVT)                    0.19 *     3.38 r
  DATA_9_20 (out)                          0.00 *     3.38 r
  data arrival time                                   3.38

  clock ideal_clock1 (rise edge)          10.00      10.00
  clock network delay (ideal)              0.40      10.40
  clock uncertainty                       -0.05      10.35
  output external delay                   -2.00       8.35
  data required time                                  8.35
  -----------------------------------------------------------
  data required time                                  8.35
  data arrival time                                  -3.38
  -----------------------------------------------------------
  slack (MET)                                         4.97


  Startpoint: TM1 (input port clocked by ideal_clock1)
  Endpoint: DATA_9_31 (output port clocked by ideal_clock1)
  Path Group: ideal_clock1
  Path Type: max

  Point                                    Incr       Path
  -----------------------------------------------------------
  clock ideal_clock1 (rise edge)           0.00       0.00
  clock network delay (ideal)              0.40       0.40
  input external delay                     2.00       2.40 f
  TM1 (in)                                 0.00       2.40 f
  U3010/Y (INVX1_RVT)                      0.38 *     2.78 r
  U6209/Y (XNOR3X1_RVT)                    0.40 *     3.18 r
  U6023/Y (XNOR2X1_RVT)                    0.19 *     3.37 r
  DATA_9_31 (out)                          0.00 *     3.37 r
  data arrival time                                   3.37

  clock ideal_clock1 (rise edge)          10.00      10.00
  clock network delay (ideal)              0.40      10.40
  clock uncertainty                       -0.05      10.35
  output external delay                   -2.00       8.35
  data required time                                  8.35
  -----------------------------------------------------------
  data required time                                  8.35
  data arrival time                                  -3.37
  -----------------------------------------------------------
  slack (MET)                                         4.98


  Startpoint: TM1 (input port clocked by ideal_clock1)
  Endpoint: DATA_9_19 (output port clocked by ideal_clock1)
  Path Group: ideal_clock1
  Path Type: max

  Point                                    Incr       Path
  -----------------------------------------------------------
  clock ideal_clock1 (rise edge)           0.00       0.00
  clock network delay (ideal)              0.40       0.40
  input external delay                     2.00       2.40 f
  TM1 (in)                                 0.00       2.40 f
  U3014/Y (INVX1_RVT)                      0.31 *     2.71 r
  U6211/Y (XNOR3X1_RVT)                    0.38 *     3.09 r
  U6035/Y (XNOR2X1_RVT)                    0.17 *     3.26 r
  DATA_9_19 (out)                          0.00 *     3.26 r
  data arrival time                                   3.26

  clock ideal_clock1 (rise edge)          10.00      10.00
  clock network delay (ideal)              0.40      10.40
  clock uncertainty                       -0.05      10.35
  output external delay                   -2.00       8.35
  data required time                                  8.35
  -----------------------------------------------------------
  data required time                                  8.35
  data arrival time                                  -3.26
  -----------------------------------------------------------
  slack (MET)                                         5.09


  Startpoint: TM1 (input port clocked by ideal_clock1)
  Endpoint: DATA_9_18 (output port clocked by ideal_clock1)
  Path Group: ideal_clock1
  Path Type: max

  Point                                    Incr       Path
  -----------------------------------------------------------
  clock ideal_clock1 (rise edge)           0.00       0.00
  clock network delay (ideal)              0.40       0.40
  input external delay                     2.00       2.40 f
  TM1 (in)                                 0.00       2.40 f
  U3014/Y (INVX1_RVT)                      0.31 *     2.71 r
  U6213/Y (XNOR3X1_RVT)                    0.37 *     3.09 r
  U6037/Y (XNOR2X1_RVT)                    0.17 *     3.26 r
  DATA_9_18 (out)                          0.00 *     3.26 r
  data arrival time                                   3.26

  clock ideal_clock1 (rise edge)          10.00      10.00
  clock network delay (ideal)              0.40      10.40
  clock uncertainty                       -0.05      10.35
  output external delay                   -2.00       8.35
  data required time                                  8.35
  -----------------------------------------------------------
  data required time                                  8.35
  data arrival time                                  -3.26
  -----------------------------------------------------------
  slack (MET)                                         5.09


  Startpoint: TM1 (input port clocked by ideal_clock1)
  Endpoint: DATA_9_17 (output port clocked by ideal_clock1)
  Path Group: ideal_clock1
  Path Type: max

  Point                                    Incr       Path
  -----------------------------------------------------------
  clock ideal_clock1 (rise edge)           0.00       0.00
  clock network delay (ideal)              0.40       0.40
  input external delay                     2.00       2.40 f
  TM1 (in)                                 0.00       2.40 f
  U3014/Y (INVX1_RVT)                      0.31 *     2.71 r
  U6215/Y (XNOR3X1_RVT)                    0.38 *     3.09 r
  U6039/Y (XNOR2X1_RVT)                    0.17 *     3.26 r
  DATA_9_17 (out)                          0.00 *     3.26 r
  data arrival time                                   3.26

  clock ideal_clock1 (rise edge)          10.00      10.00
  clock network delay (ideal)              0.40      10.40
  clock uncertainty                       -0.05      10.35
  output external delay                   -2.00       8.35
  data required time                                  8.35
  -----------------------------------------------------------
  data required time                                  8.35
  data arrival time                                  -3.26
  -----------------------------------------------------------
  slack (MET)                                         5.09


  Startpoint: TM1 (input port clocked by ideal_clock1)
  Endpoint: DATA_9_16 (output port clocked by ideal_clock1)
  Path Group: ideal_clock1
  Path Type: max

  Point                                    Incr       Path
  -----------------------------------------------------------
  clock ideal_clock1 (rise edge)           0.00       0.00
  clock network delay (ideal)              0.40       0.40
  input external delay                     2.00       2.40 f
  TM1 (in)                                 0.00       2.40 f
  U3014/Y (INVX1_RVT)                      0.31 *     2.71 r
  U6217/Y (XNOR3X1_RVT)                    0.37 *     3.09 r
  U6041/Y (XNOR2X1_RVT)                    0.16 *     3.25 r
  DATA_9_16 (out)                          0.00 *     3.25 r
  data arrival time                                   3.25

  clock ideal_clock1 (rise edge)          10.00      10.00
  clock network delay (ideal)              0.40      10.40
  clock uncertainty                       -0.05      10.35
  output external delay                   -2.00       8.35
  data required time                                  8.35
  -----------------------------------------------------------
  data required time                                  8.35
  data arrival time                                  -3.25
  -----------------------------------------------------------
  slack (MET)                                         5.10


  Startpoint: TM0 (input port clocked by ideal_clock1)
  Endpoint: DATA_9_11 (output port clocked by ideal_clock1)
  Path Group: ideal_clock1
  Path Type: max

  Point                                    Incr       Path
  -----------------------------------------------------------
  clock ideal_clock1 (rise edge)           0.00       0.00
  clock network delay (ideal)              0.40       0.40
  input external delay                     2.00       2.40 f
  TM0 (in)                                 0.00       2.40 f
  U3009/Y (INVX1_RVT)                      0.19 *     2.59 r
  U6465/Y (XNOR3X1_RVT)                    0.35 *     2.94 r
  U6049/Y (XNOR2X1_RVT)                    0.19 *     3.13 r
  DATA_9_11 (out)                          0.00 *     3.13 r
  data arrival time                                   3.13

  clock ideal_clock1 (rise edge)          10.00      10.00
  clock network delay (ideal)              0.40      10.40
  clock uncertainty                       -0.05      10.35
  output external delay                   -2.00       8.35
  data required time                                  8.35
  -----------------------------------------------------------
  data required time                                  8.35
  data arrival time                                  -3.13
  -----------------------------------------------------------
  slack (MET)                                         5.22


  Startpoint: TM0 (input port clocked by ideal_clock1)
  Endpoint: DATA_9_10 (output port clocked by ideal_clock1)
  Path Group: ideal_clock1
  Path Type: max

  Point                                    Incr       Path
  -----------------------------------------------------------
  clock ideal_clock1 (rise edge)           0.00       0.00
  clock network delay (ideal)              0.40       0.40
  input external delay                     2.00       2.40 f
  TM0 (in)                                 0.00       2.40 f
  U3009/Y (INVX1_RVT)                      0.19 *     2.59 r
  U6473/Y (XNOR3X1_RVT)                    0.34 *     2.93 r
  U6051/Y (XNOR2X1_RVT)                    0.19 *     3.12 r
  DATA_9_10 (out)                          0.00 *     3.12 r
  data arrival time                                   3.12

  clock ideal_clock1 (rise edge)          10.00      10.00
  clock network delay (ideal)              0.40      10.40
  clock uncertainty                       -0.05      10.35
  output external delay                   -2.00       8.35
  data required time                                  8.35
  -----------------------------------------------------------
  data required time                                  8.35
  data arrival time                                  -3.12
  -----------------------------------------------------------
  slack (MET)                                         5.23


  Startpoint: TM0 (input port clocked by ideal_clock1)
  Endpoint: DATA_9_0 (output port clocked by ideal_clock1)
  Path Group: ideal_clock1
  Path Type: max

  Point                                    Incr       Path
  -----------------------------------------------------------
  clock ideal_clock1 (rise edge)           0.00       0.00
  clock network delay (ideal)              0.40       0.40
  input external delay                     2.00       2.40 f
  TM0 (in)                                 0.00       2.40 f
  U3009/Y (INVX1_RVT)                      0.19 *     2.59 r
  U6227/Y (XNOR3X1_RVT)                    0.34 *     2.93 r
  U6055/Y (XNOR2X1_RVT)                    0.18 *     3.11 r
  DATA_9_0 (out)                           0.00 *     3.11 r
  data arrival time                                   3.11

  clock ideal_clock1 (rise edge)          10.00      10.00
  clock network delay (ideal)              0.40      10.40
  clock uncertainty                       -0.05      10.35
  output external delay                   -2.00       8.35
  data required time                                  8.35
  -----------------------------------------------------------
  data required time                                  8.35
  data arrival time                                  -3.11
  -----------------------------------------------------------
  slack (MET)                                         5.24


  Startpoint: TM0 (input port clocked by ideal_clock1)
  Endpoint: DATA_9_12 (output port clocked by ideal_clock1)
  Path Group: ideal_clock1
  Path Type: max

  Point                                    Incr       Path
  -----------------------------------------------------------
  clock ideal_clock1 (rise edge)           0.00       0.00
  clock network delay (ideal)              0.40       0.40
  input external delay                     2.00       2.40 f
  TM0 (in)                                 0.00       2.40 f
  U3009/Y (INVX1_RVT)                      0.19 *     2.59 r
  U6479/Y (XNOR3X1_RVT)                    0.33 *     2.92 r
  U6047/Y (XNOR2X1_RVT)                    0.18 *     3.10 r
  DATA_9_12 (out)                          0.00 *     3.10 r
  data arrival time                                   3.10

  clock ideal_clock1 (rise edge)          10.00      10.00
  clock network delay (ideal)              0.40      10.40
  clock uncertainty                       -0.05      10.35
  output external delay                   -2.00       8.35
  data required time                                  8.35
  -----------------------------------------------------------
  data required time                                  8.35
  data arrival time                                  -3.10
  -----------------------------------------------------------
  slack (MET)                                         5.25


1
