 
****************************************
Report : area
Design : s35932
Version: L-2016.03-SP5-1
Date   : Sun Mar 10 14:16:54 2019
****************************************

Library(s) Used:

    saed32rvt_ss0p95v25c (File: /mnt/class_data/ecec574-w2019/PDKs/SAED32nm/lib/stdcell_rvt/db_ccs/saed32rvt_ss0p95v25c.db)

Number of ports:                          360
Number of nets:                          4897
Number of cells:                         4859
Number of combinational cells:           3131
Number of sequential cells:                 0
Number of macros/black boxes:               0
Number of buf/inv:                        178
Number of references:                    1744

Combinational area:               9831.814860
Buf/Inv area:                      341.569551
Noncombinational area:           11418.182007
Macro/Black Box area:                0.000000
Net Interconnect area:            6214.331353

Total cell area:                 21249.996866
Total area:                      27464.328219
1
